Microsoft Windows [Version 10.0.18362.476]
(c) Корпорация Майкрософт (Microsoft Corporation), 2019. Все права защищены.

D:\JAVA Code\Git\first>git status
On branch master

No commits yet

Changes to be committed:
  (use "git rm --cached <file>..." to unstage)
        new file:   file.txt

Changes not staged for commit:
  (use "git add <file>..." to update what will be committed)
  (use "git restore <file>..." to discard changes in working directory)
        modified:   file.txt


D:\JAVA Code\Git\first>git commit -a -m
error: switch `m' requires a value

D:\JAVA Code\Git\first>git commit -a -m "first commit"
[master (root-commit) 95c8861] first commit
 1 file changed, 47 insertions(+)
 create mode 100644 file.txt

D:\JAVA Code\Git\first>git status
On branch master
nothing to commit, working tree clean

D:\JAVA Code\Git\first>git commit -log
error: unknown switch `l'
usage: git commit [<options>] [--] <pathspec>...

    -q, --quiet           suppress summary after successful commit
    -v, --verbose         show diff in commit message template

Commit message options
    -F, --file <file>     read message from file
    --author <author>     override author for commit
    --date <date>         override date for commit
    -m, --message <message>
                          commit message
    -c, --reedit-message <commit>
                          reuse and edit message from specified commit
    -C, --reuse-message <commit>
                          reuse message from specified commit
    --fixup <commit>      use autosquash formatted message to fixup specified commit
    --squash <commit>     use autosquash formatted message to squash specified commit
    --reset-author        the commit is authored by me now (used with -C/-c/--amend)
    -s, --signoff         add Signed-off-by:
    -t, --template <file>
                          use specified template file
    -e, --edit            force edit of commit
    --cleanup <mode>      how to strip spaces and #comments from message
    --status              include status in commit message template
    -S, --gpg-sign[=<key-id>]
                          GPG sign commit

Commit contents options
    -a, --all             commit all changed files
    -i, --include         add specified files to index for commit
    --interactive         interactively add files
    -p, --patch           interactively add changes
    -o, --only            commit only specified files
    -n, --no-verify       bypass pre-commit and commit-msg hooks
    --dry-run             show what would be committed
    --short               show status concisely
    --branch              show branch information
    --ahead-behind        compute full ahead/behind values
    --porcelain           machine-readable output
    --long                show status in long format (default)
    -z, --null            terminate entries with NUL
    --amend               amend previous commit
    --no-post-rewrite     bypass post-rewrite hook
    -u, --untracked-files[=<mode>]
                          show untracked files, optional modes: all, normal, no. (Default: all)


D:\JAVA Code\Git\first>git log
commit 95c88618f746fae784b0b77d213f7d23088febbf (HEAD -> master)
Author: Crataegus <urmambetovajam@gmail.com>
Date:   Thu Nov 21 16:13:12 2019 +0600

    first commit

D:\JAVA Code\Git\first>