Microsoft Windows [Version 10.0.18362.476]
(c) Корпорация Майкрософт (Microsoft Corporation), 2019. Все права защищены.

D:\JAVA Code\Git\first>git init
Initialized empty Git repository in D:/JAVA Code/Git/first/.git/

D:\JAVA Code\Git\first>git status
On branch master

No commits yet

nothing to commit (create/copy files and use "git add" to track)

D:\JAVA Code\Git\first>git status
On branch master

No commits yet

Untracked files:
  (use "git add <file>..." to include in what will be committed)
        file.txt

nothing added to commit but untracked files present (use "git add" to track)

D:\JAVA Code\Git\first>git add file.txt

D:\JAVA Code\Git\first>git status
On branch master

No commits yet

Changes to be committed:
  (use "git rm --cached <file>..." to unstage)
        new file:   file.txt


D:\JAVA Code\Git\first>dir /ah
 Том в устройстве D имеет метку TB
 Серийный номер тома: 268F-8B2A

 Содержимое папки D:\JAVA Code\Git\first

21.11.2019  16:08    <DIR>          .git
               0 файлов              0 байт
               1 папок  239 815 770 112 байт свободно

D:\JAVA Code\Git\first>